[21-Jun-2025 18:34:15 UTC] PHP Warning:  Undefined array key "background_image" in C:\Users\elshi\Desktop\slovar-vk\app\public\wp-content\plugins\elementor\includes\conditions.php on line 87
[21-Jun-2025 18:34:15 UTC] PHP Warning:  Trying to access array offset on value of type null in C:\Users\elshi\Desktop\slovar-vk\app\public\wp-content\plugins\elementor\includes\conditions.php on line 90
[21-Jun-2025 18:34:15 UTC] PHP Warning:  Undefined array key "background_image" in C:\Users\elshi\Desktop\slovar-vk\app\public\wp-content\plugins\elementor\includes\conditions.php on line 87
[21-Jun-2025 18:34:15 UTC] PHP Warning:  Trying to access array offset on value of type null in C:\Users\elshi\Desktop\slovar-vk\app\public\wp-content\plugins\elementor\includes\conditions.php on line 90
[21-Jun-2025 18:34:15 UTC] PHP Warning:  Undefined array key "background_image" in C:\Users\elshi\Desktop\slovar-vk\app\public\wp-content\plugins\elementor\includes\conditions.php on line 87
[21-Jun-2025 18:34:15 UTC] PHP Warning:  Trying to access array offset on value of type null in C:\Users\elshi\Desktop\slovar-vk\app\public\wp-content\plugins\elementor\includes\conditions.php on line 90
[21-Jun-2025 18:34:15 UTC] PHP Warning:  Undefined array key "background_image" in C:\Users\elshi\Desktop\slovar-vk\app\public\wp-content\plugins\elementor\includes\conditions.php on line 87
[21-Jun-2025 18:34:15 UTC] PHP Warning:  Trying to access array offset on value of type null in C:\Users\elshi\Desktop\slovar-vk\app\public\wp-content\plugins\elementor\includes\conditions.php on line 90
[21-Jun-2025 18:34:15 UTC] PHP Warning:  Undefined array key "background_image" in C:\Users\elshi\Desktop\slovar-vk\app\public\wp-content\plugins\elementor\includes\conditions.php on line 87
[21-Jun-2025 18:34:15 UTC] PHP Warning:  Trying to access array offset on value of type null in C:\Users\elshi\Desktop\slovar-vk\app\public\wp-content\plugins\elementor\includes\conditions.php on line 90
[21-Jun-2025 18:34:15 UTC] PHP Warning:  Undefined array key "background_image" in C:\Users\elshi\Desktop\slovar-vk\app\public\wp-content\plugins\elementor\includes\conditions.php on line 87
[21-Jun-2025 18:34:15 UTC] PHP Warning:  Trying to access array offset on value of type null in C:\Users\elshi\Desktop\slovar-vk\app\public\wp-content\plugins\elementor\includes\conditions.php on line 90
[21-Jun-2025 18:34:15 UTC] PHP Warning:  Undefined array key "background_image" in C:\Users\elshi\Desktop\slovar-vk\app\public\wp-content\plugins\elementor\includes\conditions.php on line 87
[21-Jun-2025 18:34:15 UTC] PHP Warning:  Trying to access array offset on value of type null in C:\Users\elshi\Desktop\slovar-vk\app\public\wp-content\plugins\elementor\includes\conditions.php on line 90
[21-Jun-2025 18:34:15 UTC] PHP Warning:  Undefined array key "background_image" in C:\Users\elshi\Desktop\slovar-vk\app\public\wp-content\plugins\elementor\includes\conditions.php on line 87
[21-Jun-2025 18:34:15 UTC] PHP Warning:  Trying to access array offset on value of type null in C:\Users\elshi\Desktop\slovar-vk\app\public\wp-content\plugins\elementor\includes\conditions.php on line 90
[22-Jun-2025 10:34:30 UTC] PHP Warning:  Undefined array key "background_image" in C:\Users\elshi\Desktop\slovar-vk\app\public\wp-content\plugins\elementor\includes\conditions.php on line 87
[22-Jun-2025 10:34:30 UTC] PHP Warning:  Trying to access array offset on value of type null in C:\Users\elshi\Desktop\slovar-vk\app\public\wp-content\plugins\elementor\includes\conditions.php on line 90
[22-Jun-2025 10:34:30 UTC] PHP Warning:  Undefined array key "background_image" in C:\Users\elshi\Desktop\slovar-vk\app\public\wp-content\plugins\elementor\includes\conditions.php on line 87
[22-Jun-2025 10:34:30 UTC] PHP Warning:  Trying to access array offset on value of type null in C:\Users\elshi\Desktop\slovar-vk\app\public\wp-content\plugins\elementor\includes\conditions.php on line 90
[22-Jun-2025 10:34:30 UTC] PHP Warning:  Undefined array key "background_image" in C:\Users\elshi\Desktop\slovar-vk\app\public\wp-content\plugins\elementor\includes\conditions.php on line 87
[22-Jun-2025 10:34:30 UTC] PHP Warning:  Trying to access array offset on value of type null in C:\Users\elshi\Desktop\slovar-vk\app\public\wp-content\plugins\elementor\includes\conditions.php on line 90
[22-Jun-2025 10:34:30 UTC] PHP Warning:  Undefined array key "background_image" in C:\Users\elshi\Desktop\slovar-vk\app\public\wp-content\plugins\elementor\includes\conditions.php on line 87
[22-Jun-2025 10:34:30 UTC] PHP Warning:  Trying to access array offset on value of type null in C:\Users\elshi\Desktop\slovar-vk\app\public\wp-content\plugins\elementor\includes\conditions.php on line 90
[22-Jun-2025 10:34:30 UTC] PHP Warning:  Undefined array key "background_image" in C:\Users\elshi\Desktop\slovar-vk\app\public\wp-content\plugins\elementor\includes\conditions.php on line 87
[22-Jun-2025 10:34:30 UTC] PHP Warning:  Trying to access array offset on value of type null in C:\Users\elshi\Desktop\slovar-vk\app\public\wp-content\plugins\elementor\includes\conditions.php on line 90
[22-Jun-2025 10:34:30 UTC] PHP Warning:  Undefined array key "background_image" in C:\Users\elshi\Desktop\slovar-vk\app\public\wp-content\plugins\elementor\includes\conditions.php on line 87
[22-Jun-2025 10:34:30 UTC] PHP Warning:  Trying to access array offset on value of type null in C:\Users\elshi\Desktop\slovar-vk\app\public\wp-content\plugins\elementor\includes\conditions.php on line 90
[22-Jun-2025 10:34:30 UTC] PHP Warning:  Undefined array key "background_image" in C:\Users\elshi\Desktop\slovar-vk\app\public\wp-content\plugins\elementor\includes\conditions.php on line 87
[22-Jun-2025 10:34:30 UTC] PHP Warning:  Trying to access array offset on value of type null in C:\Users\elshi\Desktop\slovar-vk\app\public\wp-content\plugins\elementor\includes\conditions.php on line 90
[22-Jun-2025 10:34:30 UTC] PHP Warning:  Undefined array key "background_image" in C:\Users\elshi\Desktop\slovar-vk\app\public\wp-content\plugins\elementor\includes\conditions.php on line 87
[22-Jun-2025 10:34:30 UTC] PHP Warning:  Trying to access array offset on value of type null in C:\Users\elshi\Desktop\slovar-vk\app\public\wp-content\plugins\elementor\includes\conditions.php on line 90
[22-Jun-2025 10:34:55 UTC] PHP Warning:  Undefined array key "background_image" in C:\Users\elshi\Desktop\slovar-vk\app\public\wp-content\plugins\elementor\includes\conditions.php on line 87
[22-Jun-2025 10:34:55 UTC] PHP Warning:  Trying to access array offset on value of type null in C:\Users\elshi\Desktop\slovar-vk\app\public\wp-content\plugins\elementor\includes\conditions.php on line 90
[22-Jun-2025 10:34:55 UTC] PHP Warning:  Undefined array key "background_image" in C:\Users\elshi\Desktop\slovar-vk\app\public\wp-content\plugins\elementor\includes\conditions.php on line 87
[22-Jun-2025 10:34:55 UTC] PHP Warning:  Trying to access array offset on value of type null in C:\Users\elshi\Desktop\slovar-vk\app\public\wp-content\plugins\elementor\includes\conditions.php on line 90
[22-Jun-2025 10:34:55 UTC] PHP Warning:  Undefined array key "background_image" in C:\Users\elshi\Desktop\slovar-vk\app\public\wp-content\plugins\elementor\includes\conditions.php on line 87
[22-Jun-2025 10:34:55 UTC] PHP Warning:  Trying to access array offset on value of type null in C:\Users\elshi\Desktop\slovar-vk\app\public\wp-content\plugins\elementor\includes\conditions.php on line 90
[22-Jun-2025 10:34:55 UTC] PHP Warning:  Undefined array key "background_image" in C:\Users\elshi\Desktop\slovar-vk\app\public\wp-content\plugins\elementor\includes\conditions.php on line 87
[22-Jun-2025 10:34:55 UTC] PHP Warning:  Trying to access array offset on value of type null in C:\Users\elshi\Desktop\slovar-vk\app\public\wp-content\plugins\elementor\includes\conditions.php on line 90
[22-Jun-2025 10:34:55 UTC] PHP Warning:  Undefined array key "background_image" in C:\Users\elshi\Desktop\slovar-vk\app\public\wp-content\plugins\elementor\includes\conditions.php on line 87
[22-Jun-2025 10:34:55 UTC] PHP Warning:  Trying to access array offset on value of type null in C:\Users\elshi\Desktop\slovar-vk\app\public\wp-content\plugins\elementor\includes\conditions.php on line 90
[22-Jun-2025 10:34:55 UTC] PHP Warning:  Undefined array key "background_image" in C:\Users\elshi\Desktop\slovar-vk\app\public\wp-content\plugins\elementor\includes\conditions.php on line 87
[22-Jun-2025 10:34:55 UTC] PHP Warning:  Trying to access array offset on value of type null in C:\Users\elshi\Desktop\slovar-vk\app\public\wp-content\plugins\elementor\includes\conditions.php on line 90
[22-Jun-2025 10:34:55 UTC] PHP Warning:  Undefined array key "background_image" in C:\Users\elshi\Desktop\slovar-vk\app\public\wp-content\plugins\elementor\includes\conditions.php on line 87
[22-Jun-2025 10:34:55 UTC] PHP Warning:  Trying to access array offset on value of type null in C:\Users\elshi\Desktop\slovar-vk\app\public\wp-content\plugins\elementor\includes\conditions.php on line 90
[22-Jun-2025 10:34:55 UTC] PHP Warning:  Undefined array key "background_image" in C:\Users\elshi\Desktop\slovar-vk\app\public\wp-content\plugins\elementor\includes\conditions.php on line 87
[22-Jun-2025 10:34:55 UTC] PHP Warning:  Trying to access array offset on value of type null in C:\Users\elshi\Desktop\slovar-vk\app\public\wp-content\plugins\elementor\includes\conditions.php on line 90
[22-Jun-2025 21:38:36 UTC] PHP Warning:  Undefined array key "editor_post_id" in C:\Users\elshi\Desktop\slovar-vk\app\public\wp-content\plugins\elementor\modules\history\revisions-manager.php on line 363
[22-Jun-2025 21:40:54 UTC] PHP Warning:  Undefined array key "editor_post_id" in C:\Users\elshi\Desktop\slovar-vk\app\public\wp-content\plugins\elementor-pro\modules\theme-builder\classes\conditions-manager.php on line 181
[22-Jun-2025 21:42:35 UTC] PHP Warning:  Undefined array key "editor_post_id" in C:\Users\elshi\Desktop\slovar-vk\app\public\wp-content\plugins\elementor\modules\history\revisions-manager.php on line 363
[22-Jun-2025 21:43:11 UTC] PHP Warning:  Undefined array key "editor_post_id" in C:\Users\elshi\Desktop\slovar-vk\app\public\wp-content\plugins\elementor\modules\history\revisions-manager.php on line 363
[22-Jun-2025 22:06:42 UTC] WordPress database error Unknown column 'meta_id' in 'field list' for query SELECT meta_id, meta_value FROM wp_usermeta WHERE post_id = 1 AND meta_key LIKE 'rank\\_math\\_schema%' made by require('wp-blog-header.php'), wp, WP->main, WP->parse_request, do_action_ref_array('parse_request'), WP_Hook->do_action, WP_Hook->apply_filters, rest_api_loaded, WP_REST_Server->serve_request, WP_REST_Server->dispatch, WP_REST_Server->respond_to_request, RankMath\Rest\Shared->update_metadata, RankMath\Schema\DB::get_schemas, RankMath\Admin\Database\Query_Builder->get
[23-Jun-2025 10:09:11 UTC] Cron reschedule event error for hook: action_scheduler_run_queue, Error code: could_not_set, Error message: The cron event list could not be saved., Data: {"schedule":"every_minute","args":["WP Cron"],"interval":60}
[23-Jun-2025 10:18:54 UTC] PHP Warning:  Undefined array key "editor_post_id" in C:\Users\elshi\Desktop\slovar-vk\app\public\wp-content\plugins\elementor-pro\modules\assets-manager\asset-types\fonts-manager.php on line 262
[23-Jun-2025 14:53:04 UTC] PHP Warning:  Undefined array key "editor_post_id" in C:\Users\elshi\Desktop\slovar-vk\app\public\wp-content\plugins\elementor-pro\modules\assets-manager\asset-types\fonts-manager.php on line 262
[24-Jun-2025 17:21:37 UTC] PHP Warning:  Undefined array key "background_image" in C:\Users\elshi\Desktop\slovar-vk\app\public\wp-content\plugins\elementor\includes\conditions.php on line 87
[24-Jun-2025 17:21:37 UTC] PHP Warning:  Trying to access array offset on value of type null in C:\Users\elshi\Desktop\slovar-vk\app\public\wp-content\plugins\elementor\includes\conditions.php on line 90
[24-Jun-2025 17:21:37 UTC] PHP Warning:  Undefined array key "background_image" in C:\Users\elshi\Desktop\slovar-vk\app\public\wp-content\plugins\elementor\includes\conditions.php on line 87
[24-Jun-2025 17:21:37 UTC] PHP Warning:  Trying to access array offset on value of type null in C:\Users\elshi\Desktop\slovar-vk\app\public\wp-content\plugins\elementor\includes\conditions.php on line 90
[24-Jun-2025 17:21:37 UTC] PHP Warning:  Undefined array key "background_image" in C:\Users\elshi\Desktop\slovar-vk\app\public\wp-content\plugins\elementor\includes\conditions.php on line 87
[24-Jun-2025 17:21:37 UTC] PHP Warning:  Trying to access array offset on value of type null in C:\Users\elshi\Desktop\slovar-vk\app\public\wp-content\plugins\elementor\includes\conditions.php on line 90
[24-Jun-2025 17:21:37 UTC] PHP Warning:  Undefined array key "background_image" in C:\Users\elshi\Desktop\slovar-vk\app\public\wp-content\plugins\elementor\includes\conditions.php on line 87
[24-Jun-2025 17:21:37 UTC] PHP Warning:  Trying to access array offset on value of type null in C:\Users\elshi\Desktop\slovar-vk\app\public\wp-content\plugins\elementor\includes\conditions.php on line 90
[24-Jun-2025 17:21:37 UTC] PHP Warning:  Undefined array key "background_image" in C:\Users\elshi\Desktop\slovar-vk\app\public\wp-content\plugins\elementor\includes\conditions.php on line 87
[24-Jun-2025 17:21:37 UTC] PHP Warning:  Trying to access array offset on value of type null in C:\Users\elshi\Desktop\slovar-vk\app\public\wp-content\plugins\elementor\includes\conditions.php on line 90
[24-Jun-2025 17:21:37 UTC] PHP Warning:  Undefined array key "background_image" in C:\Users\elshi\Desktop\slovar-vk\app\public\wp-content\plugins\elementor\includes\conditions.php on line 87
[24-Jun-2025 17:21:37 UTC] PHP Warning:  Trying to access array offset on value of type null in C:\Users\elshi\Desktop\slovar-vk\app\public\wp-content\plugins\elementor\includes\conditions.php on line 90
[24-Jun-2025 17:21:37 UTC] PHP Warning:  Undefined array key "background_image" in C:\Users\elshi\Desktop\slovar-vk\app\public\wp-content\plugins\elementor\includes\conditions.php on line 87
[24-Jun-2025 17:21:37 UTC] PHP Warning:  Trying to access array offset on value of type null in C:\Users\elshi\Desktop\slovar-vk\app\public\wp-content\plugins\elementor\includes\conditions.php on line 90
[24-Jun-2025 17:21:37 UTC] PHP Warning:  Undefined array key "background_image" in C:\Users\elshi\Desktop\slovar-vk\app\public\wp-content\plugins\elementor\includes\conditions.php on line 87
[24-Jun-2025 17:21:37 UTC] PHP Warning:  Trying to access array offset on value of type null in C:\Users\elshi\Desktop\slovar-vk\app\public\wp-content\plugins\elementor\includes\conditions.php on line 90
[24-Jun-2025 17:21:37 UTC] PHP Warning:  Undefined array key "background_image" in C:\Users\elshi\Desktop\slovar-vk\app\public\wp-content\plugins\elementor\includes\conditions.php on line 87
[24-Jun-2025 17:21:37 UTC] PHP Warning:  Trying to access array offset on value of type null in C:\Users\elshi\Desktop\slovar-vk\app\public\wp-content\plugins\elementor\includes\conditions.php on line 90
[24-Jun-2025 17:21:37 UTC] PHP Warning:  Undefined array key "background_image" in C:\Users\elshi\Desktop\slovar-vk\app\public\wp-content\plugins\elementor\includes\conditions.php on line 87
[24-Jun-2025 17:21:37 UTC] PHP Warning:  Trying to access array offset on value of type null in C:\Users\elshi\Desktop\slovar-vk\app\public\wp-content\plugins\elementor\includes\conditions.php on line 90
[24-Jun-2025 17:21:37 UTC] PHP Warning:  Undefined array key "background_image" in C:\Users\elshi\Desktop\slovar-vk\app\public\wp-content\plugins\elementor\includes\conditions.php on line 87
[24-Jun-2025 17:21:37 UTC] PHP Warning:  Trying to access array offset on value of type null in C:\Users\elshi\Desktop\slovar-vk\app\public\wp-content\plugins\elementor\includes\conditions.php on line 90
[24-Jun-2025 17:21:37 UTC] PHP Warning:  Undefined array key "background_image" in C:\Users\elshi\Desktop\slovar-vk\app\public\wp-content\plugins\elementor\includes\conditions.php on line 87
[24-Jun-2025 17:21:37 UTC] PHP Warning:  Trying to access array offset on value of type null in C:\Users\elshi\Desktop\slovar-vk\app\public\wp-content\plugins\elementor\includes\conditions.php on line 90
[24-Jun-2025 17:21:37 UTC] PHP Warning:  Undefined array key "background_image" in C:\Users\elshi\Desktop\slovar-vk\app\public\wp-content\plugins\elementor\includes\conditions.php on line 87
[24-Jun-2025 17:21:37 UTC] PHP Warning:  Trying to access array offset on value of type null in C:\Users\elshi\Desktop\slovar-vk\app\public\wp-content\plugins\elementor\includes\conditions.php on line 90
[24-Jun-2025 17:21:37 UTC] PHP Warning:  Undefined array key "background_image" in C:\Users\elshi\Desktop\slovar-vk\app\public\wp-content\plugins\elementor\includes\conditions.php on line 87
[24-Jun-2025 17:21:37 UTC] PHP Warning:  Trying to access array offset on value of type null in C:\Users\elshi\Desktop\slovar-vk\app\public\wp-content\plugins\elementor\includes\conditions.php on line 90
[24-Jun-2025 17:29:02 UTC] PHP Warning:  Undefined array key "background_image" in C:\Users\elshi\Desktop\slovar-vk\app\public\wp-content\plugins\elementor\includes\conditions.php on line 87
[24-Jun-2025 17:29:02 UTC] PHP Warning:  Trying to access array offset on value of type null in C:\Users\elshi\Desktop\slovar-vk\app\public\wp-content\plugins\elementor\includes\conditions.php on line 90
[24-Jun-2025 17:29:02 UTC] PHP Warning:  Undefined array key "background_image" in C:\Users\elshi\Desktop\slovar-vk\app\public\wp-content\plugins\elementor\includes\conditions.php on line 87
[24-Jun-2025 17:29:02 UTC] PHP Warning:  Trying to access array offset on value of type null in C:\Users\elshi\Desktop\slovar-vk\app\public\wp-content\plugins\elementor\includes\conditions.php on line 90
[24-Jun-2025 17:29:02 UTC] PHP Warning:  Undefined array key "background_image" in C:\Users\elshi\Desktop\slovar-vk\app\public\wp-content\plugins\elementor\includes\conditions.php on line 87
[24-Jun-2025 17:29:02 UTC] PHP Warning:  Trying to access array offset on value of type null in C:\Users\elshi\Desktop\slovar-vk\app\public\wp-content\plugins\elementor\includes\conditions.php on line 90
[24-Jun-2025 17:29:02 UTC] PHP Warning:  Undefined array key "background_image" in C:\Users\elshi\Desktop\slovar-vk\app\public\wp-content\plugins\elementor\includes\conditions.php on line 87
[24-Jun-2025 17:29:02 UTC] PHP Warning:  Trying to access array offset on value of type null in C:\Users\elshi\Desktop\slovar-vk\app\public\wp-content\plugins\elementor\includes\conditions.php on line 90
[24-Jun-2025 17:29:02 UTC] PHP Warning:  Undefined array key "background_image" in C:\Users\elshi\Desktop\slovar-vk\app\public\wp-content\plugins\elementor\includes\conditions.php on line 87
[24-Jun-2025 17:29:02 UTC] PHP Warning:  Trying to access array offset on value of type null in C:\Users\elshi\Desktop\slovar-vk\app\public\wp-content\plugins\elementor\includes\conditions.php on line 90
[24-Jun-2025 17:29:02 UTC] PHP Warning:  Undefined array key "background_image" in C:\Users\elshi\Desktop\slovar-vk\app\public\wp-content\plugins\elementor\includes\conditions.php on line 87
[24-Jun-2025 17:29:02 UTC] PHP Warning:  Trying to access array offset on value of type null in C:\Users\elshi\Desktop\slovar-vk\app\public\wp-content\plugins\elementor\includes\conditions.php on line 90
[24-Jun-2025 17:29:02 UTC] PHP Warning:  Undefined array key "background_image" in C:\Users\elshi\Desktop\slovar-vk\app\public\wp-content\plugins\elementor\includes\conditions.php on line 87
[24-Jun-2025 17:29:02 UTC] PHP Warning:  Trying to access array offset on value of type null in C:\Users\elshi\Desktop\slovar-vk\app\public\wp-content\plugins\elementor\includes\conditions.php on line 90
[24-Jun-2025 17:29:02 UTC] PHP Warning:  Undefined array key "background_image" in C:\Users\elshi\Desktop\slovar-vk\app\public\wp-content\plugins\elementor\includes\conditions.php on line 87
[24-Jun-2025 17:29:02 UTC] PHP Warning:  Trying to access array offset on value of type null in C:\Users\elshi\Desktop\slovar-vk\app\public\wp-content\plugins\elementor\includes\conditions.php on line 90
[24-Jun-2025 17:29:02 UTC] PHP Warning:  Undefined array key "background_image" in C:\Users\elshi\Desktop\slovar-vk\app\public\wp-content\plugins\elementor\includes\conditions.php on line 87
[24-Jun-2025 17:29:02 UTC] PHP Warning:  Trying to access array offset on value of type null in C:\Users\elshi\Desktop\slovar-vk\app\public\wp-content\plugins\elementor\includes\conditions.php on line 90
[24-Jun-2025 17:29:02 UTC] PHP Warning:  Undefined array key "background_image" in C:\Users\elshi\Desktop\slovar-vk\app\public\wp-content\plugins\elementor\includes\conditions.php on line 87
[24-Jun-2025 17:29:02 UTC] PHP Warning:  Trying to access array offset on value of type null in C:\Users\elshi\Desktop\slovar-vk\app\public\wp-content\plugins\elementor\includes\conditions.php on line 90
[24-Jun-2025 17:29:02 UTC] PHP Warning:  Undefined array key "background_image" in C:\Users\elshi\Desktop\slovar-vk\app\public\wp-content\plugins\elementor\includes\conditions.php on line 87
[24-Jun-2025 17:29:02 UTC] PHP Warning:  Trying to access array offset on value of type null in C:\Users\elshi\Desktop\slovar-vk\app\public\wp-content\plugins\elementor\includes\conditions.php on line 90
[24-Jun-2025 17:29:02 UTC] PHP Warning:  Undefined array key "background_image" in C:\Users\elshi\Desktop\slovar-vk\app\public\wp-content\plugins\elementor\includes\conditions.php on line 87
[24-Jun-2025 17:29:02 UTC] PHP Warning:  Trying to access array offset on value of type null in C:\Users\elshi\Desktop\slovar-vk\app\public\wp-content\plugins\elementor\includes\conditions.php on line 90
[24-Jun-2025 17:29:02 UTC] PHP Warning:  Undefined array key "background_image" in C:\Users\elshi\Desktop\slovar-vk\app\public\wp-content\plugins\elementor\includes\conditions.php on line 87
[24-Jun-2025 17:29:02 UTC] PHP Warning:  Trying to access array offset on value of type null in C:\Users\elshi\Desktop\slovar-vk\app\public\wp-content\plugins\elementor\includes\conditions.php on line 90
[24-Jun-2025 17:29:02 UTC] PHP Warning:  Undefined array key "background_image" in C:\Users\elshi\Desktop\slovar-vk\app\public\wp-content\plugins\elementor\includes\conditions.php on line 87
[24-Jun-2025 17:29:02 UTC] PHP Warning:  Trying to access array offset on value of type null in C:\Users\elshi\Desktop\slovar-vk\app\public\wp-content\plugins\elementor\includes\conditions.php on line 90
[24-Jun-2025 17:30:49 UTC] PHP Warning:  Undefined array key "editor_post_id" in C:\Users\elshi\Desktop\slovar-vk\app\public\wp-content\plugins\elementor\modules\history\revisions-manager.php on line 363
[24-Jun-2025 17:43:51 UTC] PHP Warning:  Undefined array key "editor_post_id" in C:\Users\elshi\Desktop\slovar-vk\app\public\wp-content\plugins\elementor\modules\history\revisions-manager.php on line 363
[24-Jun-2025 21:28:18 UTC] PHP Warning:  Undefined array key "background_image" in C:\Users\elshi\Desktop\slovar-vk\app\public\wp-content\plugins\elementor\includes\conditions.php on line 87
[24-Jun-2025 21:28:18 UTC] PHP Warning:  Trying to access array offset on value of type null in C:\Users\elshi\Desktop\slovar-vk\app\public\wp-content\plugins\elementor\includes\conditions.php on line 90
[24-Jun-2025 21:28:18 UTC] PHP Warning:  Undefined array key "background_image" in C:\Users\elshi\Desktop\slovar-vk\app\public\wp-content\plugins\elementor\includes\conditions.php on line 87
[24-Jun-2025 21:28:18 UTC] PHP Warning:  Trying to access array offset on value of type null in C:\Users\elshi\Desktop\slovar-vk\app\public\wp-content\plugins\elementor\includes\conditions.php on line 90
[24-Jun-2025 21:28:18 UTC] PHP Warning:  Undefined array key "background_image" in C:\Users\elshi\Desktop\slovar-vk\app\public\wp-content\plugins\elementor\includes\conditions.php on line 87
[24-Jun-2025 21:28:18 UTC] PHP Warning:  Trying to access array offset on value of type null in C:\Users\elshi\Desktop\slovar-vk\app\public\wp-content\plugins\elementor\includes\conditions.php on line 90
[24-Jun-2025 21:28:18 UTC] PHP Warning:  Undefined array key "background_image" in C:\Users\elshi\Desktop\slovar-vk\app\public\wp-content\plugins\elementor\includes\conditions.php on line 87
[24-Jun-2025 21:28:18 UTC] PHP Warning:  Trying to access array offset on value of type null in C:\Users\elshi\Desktop\slovar-vk\app\public\wp-content\plugins\elementor\includes\conditions.php on line 90
[24-Jun-2025 21:28:18 UTC] PHP Warning:  Undefined array key "background_image" in C:\Users\elshi\Desktop\slovar-vk\app\public\wp-content\plugins\elementor\includes\conditions.php on line 87
[24-Jun-2025 21:28:18 UTC] PHP Warning:  Trying to access array offset on value of type null in C:\Users\elshi\Desktop\slovar-vk\app\public\wp-content\plugins\elementor\includes\conditions.php on line 90
[24-Jun-2025 21:28:18 UTC] PHP Warning:  Undefined array key "background_image" in C:\Users\elshi\Desktop\slovar-vk\app\public\wp-content\plugins\elementor\includes\conditions.php on line 87
[24-Jun-2025 21:28:18 UTC] PHP Warning:  Trying to access array offset on value of type null in C:\Users\elshi\Desktop\slovar-vk\app\public\wp-content\plugins\elementor\includes\conditions.php on line 90
[24-Jun-2025 21:28:18 UTC] PHP Warning:  Undefined array key "background_image" in C:\Users\elshi\Desktop\slovar-vk\app\public\wp-content\plugins\elementor\includes\conditions.php on line 87
[24-Jun-2025 21:28:18 UTC] PHP Warning:  Trying to access array offset on value of type null in C:\Users\elshi\Desktop\slovar-vk\app\public\wp-content\plugins\elementor\includes\conditions.php on line 90
[24-Jun-2025 21:28:18 UTC] PHP Warning:  Undefined array key "background_image" in C:\Users\elshi\Desktop\slovar-vk\app\public\wp-content\plugins\elementor\includes\conditions.php on line 87
[24-Jun-2025 21:28:18 UTC] PHP Warning:  Trying to access array offset on value of type null in C:\Users\elshi\Desktop\slovar-vk\app\public\wp-content\plugins\elementor\includes\conditions.php on line 90
[24-Jun-2025 21:28:18 UTC] PHP Warning:  Undefined array key "background_image" in C:\Users\elshi\Desktop\slovar-vk\app\public\wp-content\plugins\elementor\includes\conditions.php on line 87
[24-Jun-2025 21:28:18 UTC] PHP Warning:  Trying to access array offset on value of type null in C:\Users\elshi\Desktop\slovar-vk\app\public\wp-content\plugins\elementor\includes\conditions.php on line 90
[24-Jun-2025 21:28:18 UTC] PHP Warning:  Undefined array key "background_image" in C:\Users\elshi\Desktop\slovar-vk\app\public\wp-content\plugins\elementor\includes\conditions.php on line 87
[24-Jun-2025 21:28:18 UTC] PHP Warning:  Trying to access array offset on value of type null in C:\Users\elshi\Desktop\slovar-vk\app\public\wp-content\plugins\elementor\includes\conditions.php on line 90
[24-Jun-2025 21:28:18 UTC] PHP Warning:  Undefined array key "background_image" in C:\Users\elshi\Desktop\slovar-vk\app\public\wp-content\plugins\elementor\includes\conditions.php on line 87
[24-Jun-2025 21:28:18 UTC] PHP Warning:  Trying to access array offset on value of type null in C:\Users\elshi\Desktop\slovar-vk\app\public\wp-content\plugins\elementor\includes\conditions.php on line 90
[24-Jun-2025 21:28:18 UTC] PHP Warning:  Undefined array key "background_image" in C:\Users\elshi\Desktop\slovar-vk\app\public\wp-content\plugins\elementor\includes\conditions.php on line 87
[24-Jun-2025 21:28:18 UTC] PHP Warning:  Trying to access array offset on value of type null in C:\Users\elshi\Desktop\slovar-vk\app\public\wp-content\plugins\elementor\includes\conditions.php on line 90
[24-Jun-2025 21:28:18 UTC] PHP Warning:  Undefined array key "background_image" in C:\Users\elshi\Desktop\slovar-vk\app\public\wp-content\plugins\elementor\includes\conditions.php on line 87
[24-Jun-2025 21:28:18 UTC] PHP Warning:  Trying to access array offset on value of type null in C:\Users\elshi\Desktop\slovar-vk\app\public\wp-content\plugins\elementor\includes\conditions.php on line 90
[24-Jun-2025 21:28:18 UTC] PHP Warning:  Undefined array key "background_image" in C:\Users\elshi\Desktop\slovar-vk\app\public\wp-content\plugins\elementor\includes\conditions.php on line 87
[24-Jun-2025 21:28:18 UTC] PHP Warning:  Trying to access array offset on value of type null in C:\Users\elshi\Desktop\slovar-vk\app\public\wp-content\plugins\elementor\includes\conditions.php on line 90
[25-Jun-2025 15:30:33 UTC] Cron reschedule event error for hook: action_scheduler_run_queue, Error code: could_not_set, Error message: The cron event list could not be saved., Data: {"schedule":"every_minute","args":["WP Cron"],"interval":60}
[26-Jun-2025 12:31:06 UTC] PHP Warning:  Undefined array key "background_image" in C:\Users\elshi\Desktop\slovar-vk\app\public\wp-content\plugins\elementor\includes\conditions.php on line 87
[26-Jun-2025 12:31:06 UTC] PHP Warning:  Trying to access array offset on value of type null in C:\Users\elshi\Desktop\slovar-vk\app\public\wp-content\plugins\elementor\includes\conditions.php on line 90
[26-Jun-2025 12:31:06 UTC] PHP Warning:  Undefined array key "background_image" in C:\Users\elshi\Desktop\slovar-vk\app\public\wp-content\plugins\elementor\includes\conditions.php on line 87
[26-Jun-2025 12:31:06 UTC] PHP Warning:  Trying to access array offset on value of type null in C:\Users\elshi\Desktop\slovar-vk\app\public\wp-content\plugins\elementor\includes\conditions.php on line 90
[26-Jun-2025 12:31:06 UTC] PHP Warning:  Undefined array key "background_image" in C:\Users\elshi\Desktop\slovar-vk\app\public\wp-content\plugins\elementor\includes\conditions.php on line 87
[26-Jun-2025 12:31:06 UTC] PHP Warning:  Trying to access array offset on value of type null in C:\Users\elshi\Desktop\slovar-vk\app\public\wp-content\plugins\elementor\includes\conditions.php on line 90
[26-Jun-2025 12:31:06 UTC] PHP Warning:  Undefined array key "background_image" in C:\Users\elshi\Desktop\slovar-vk\app\public\wp-content\plugins\elementor\includes\conditions.php on line 87
[26-Jun-2025 12:31:06 UTC] PHP Warning:  Trying to access array offset on value of type null in C:\Users\elshi\Desktop\slovar-vk\app\public\wp-content\plugins\elementor\includes\conditions.php on line 90
[26-Jun-2025 12:31:06 UTC] PHP Warning:  Undefined array key "background_image" in C:\Users\elshi\Desktop\slovar-vk\app\public\wp-content\plugins\elementor\includes\conditions.php on line 87
[26-Jun-2025 12:31:06 UTC] PHP Warning:  Trying to access array offset on value of type null in C:\Users\elshi\Desktop\slovar-vk\app\public\wp-content\plugins\elementor\includes\conditions.php on line 90
[26-Jun-2025 12:31:06 UTC] PHP Warning:  Undefined array key "background_image" in C:\Users\elshi\Desktop\slovar-vk\app\public\wp-content\plugins\elementor\includes\conditions.php on line 87
[26-Jun-2025 12:31:06 UTC] PHP Warning:  Trying to access array offset on value of type null in C:\Users\elshi\Desktop\slovar-vk\app\public\wp-content\plugins\elementor\includes\conditions.php on line 90
[26-Jun-2025 12:31:06 UTC] PHP Warning:  Undefined array key "background_image" in C:\Users\elshi\Desktop\slovar-vk\app\public\wp-content\plugins\elementor\includes\conditions.php on line 87
[26-Jun-2025 12:31:06 UTC] PHP Warning:  Trying to access array offset on value of type null in C:\Users\elshi\Desktop\slovar-vk\app\public\wp-content\plugins\elementor\includes\conditions.php on line 90
[26-Jun-2025 12:31:06 UTC] PHP Warning:  Undefined array key "background_image" in C:\Users\elshi\Desktop\slovar-vk\app\public\wp-content\plugins\elementor\includes\conditions.php on line 87
[26-Jun-2025 12:31:06 UTC] PHP Warning:  Trying to access array offset on value of type null in C:\Users\elshi\Desktop\slovar-vk\app\public\wp-content\plugins\elementor\includes\conditions.php on line 90
[26-Jun-2025 12:31:06 UTC] PHP Warning:  Undefined array key "background_image" in C:\Users\elshi\Desktop\slovar-vk\app\public\wp-content\plugins\elementor\includes\conditions.php on line 87
[26-Jun-2025 12:31:06 UTC] PHP Warning:  Trying to access array offset on value of type null in C:\Users\elshi\Desktop\slovar-vk\app\public\wp-content\plugins\elementor\includes\conditions.php on line 90
[26-Jun-2025 12:31:06 UTC] PHP Warning:  Undefined array key "background_image" in C:\Users\elshi\Desktop\slovar-vk\app\public\wp-content\plugins\elementor\includes\conditions.php on line 87
[26-Jun-2025 12:31:06 UTC] PHP Warning:  Trying to access array offset on value of type null in C:\Users\elshi\Desktop\slovar-vk\app\public\wp-content\plugins\elementor\includes\conditions.php on line 90
[26-Jun-2025 12:31:06 UTC] PHP Warning:  Undefined array key "background_image" in C:\Users\elshi\Desktop\slovar-vk\app\public\wp-content\plugins\elementor\includes\conditions.php on line 87
[26-Jun-2025 12:31:06 UTC] PHP Warning:  Trying to access array offset on value of type null in C:\Users\elshi\Desktop\slovar-vk\app\public\wp-content\plugins\elementor\includes\conditions.php on line 90
[26-Jun-2025 12:31:06 UTC] PHP Warning:  Undefined array key "background_image" in C:\Users\elshi\Desktop\slovar-vk\app\public\wp-content\plugins\elementor\includes\conditions.php on line 87
[26-Jun-2025 12:31:06 UTC] PHP Warning:  Trying to access array offset on value of type null in C:\Users\elshi\Desktop\slovar-vk\app\public\wp-content\plugins\elementor\includes\conditions.php on line 90
[26-Jun-2025 12:31:06 UTC] PHP Warning:  Undefined array key "background_image" in C:\Users\elshi\Desktop\slovar-vk\app\public\wp-content\plugins\elementor\includes\conditions.php on line 87
[26-Jun-2025 12:31:06 UTC] PHP Warning:  Trying to access array offset on value of type null in C:\Users\elshi\Desktop\slovar-vk\app\public\wp-content\plugins\elementor\includes\conditions.php on line 90
[26-Jun-2025 12:31:06 UTC] PHP Warning:  Undefined array key "background_image" in C:\Users\elshi\Desktop\slovar-vk\app\public\wp-content\plugins\elementor\includes\conditions.php on line 87
[26-Jun-2025 12:31:06 UTC] PHP Warning:  Trying to access array offset on value of type null in C:\Users\elshi\Desktop\slovar-vk\app\public\wp-content\plugins\elementor\includes\conditions.php on line 90
[26-Jun-2025 12:58:16 UTC] PHP Fatal error:  Maximum execution time of 60 seconds exceeded in C:\Users\elshi\Desktop\slovar-vk\app\public\wp-includes\Requests\src\Transport\Curl.php on line 205
[26-Jun-2025 16:29:42 UTC] PHP Warning:  foreach() argument must be of type array|object, null given in C:\Users\elshi\Desktop\slovar-vk\app\public\wp-content\plugins\simply-static\src\integrations\class-elementor-pro-integration.php on line 175
[26-Jun-2025 16:29:42 UTC] PHP Warning:  foreach() argument must be of type array|object, null given in C:\Users\elshi\Desktop\slovar-vk\app\public\wp-content\plugins\simply-static\src\integrations\class-elementor-pro-integration.php on line 175
[26-Jun-2025 16:29:42 UTC] PHP Warning:  foreach() argument must be of type array|object, null given in C:\Users\elshi\Desktop\slovar-vk\app\public\wp-content\plugins\simply-static\src\integrations\class-elementor-pro-integration.php on line 175
[26-Jun-2025 16:29:42 UTC] PHP Warning:  foreach() argument must be of type array|object, null given in C:\Users\elshi\Desktop\slovar-vk\app\public\wp-content\plugins\simply-static\src\integrations\class-elementor-pro-integration.php on line 175
[26-Jun-2025 16:29:42 UTC] PHP Warning:  foreach() argument must be of type array|object, null given in C:\Users\elshi\Desktop\slovar-vk\app\public\wp-content\plugins\simply-static\src\integrations\class-elementor-pro-integration.php on line 175
[26-Jun-2025 16:29:42 UTC] PHP Warning:  foreach() argument must be of type array|object, null given in C:\Users\elshi\Desktop\slovar-vk\app\public\wp-content\plugins\simply-static\src\integrations\class-elementor-pro-integration.php on line 175
[26-Jun-2025 16:29:42 UTC] PHP Warning:  foreach() argument must be of type array|object, null given in C:\Users\elshi\Desktop\slovar-vk\app\public\wp-content\plugins\simply-static\src\integrations\class-elementor-pro-integration.php on line 175
[26-Jun-2025 16:29:42 UTC] PHP Warning:  foreach() argument must be of type array|object, null given in C:\Users\elshi\Desktop\slovar-vk\app\public\wp-content\plugins\simply-static\src\integrations\class-elementor-pro-integration.php on line 175
[26-Jun-2025 16:29:42 UTC] PHP Warning:  foreach() argument must be of type array|object, null given in C:\Users\elshi\Desktop\slovar-vk\app\public\wp-content\plugins\simply-static\src\integrations\class-elementor-pro-integration.php on line 175
[26-Jun-2025 16:29:42 UTC] PHP Warning:  foreach() argument must be of type array|object, null given in C:\Users\elshi\Desktop\slovar-vk\app\public\wp-content\plugins\simply-static\src\integrations\class-elementor-pro-integration.php on line 175
[26-Jun-2025 16:29:42 UTC] PHP Warning:  foreach() argument must be of type array|object, null given in C:\Users\elshi\Desktop\slovar-vk\app\public\wp-content\plugins\simply-static\src\integrations\class-elementor-pro-integration.php on line 175
[26-Jun-2025 16:29:42 UTC] PHP Warning:  foreach() argument must be of type array|object, null given in C:\Users\elshi\Desktop\slovar-vk\app\public\wp-content\plugins\simply-static\src\integrations\class-elementor-pro-integration.php on line 175
[26-Jun-2025 16:29:42 UTC] PHP Warning:  foreach() argument must be of type array|object, null given in C:\Users\elshi\Desktop\slovar-vk\app\public\wp-content\plugins\simply-static\src\integrations\class-elementor-pro-integration.php on line 175
[26-Jun-2025 16:29:42 UTC] PHP Warning:  foreach() argument must be of type array|object, null given in C:\Users\elshi\Desktop\slovar-vk\app\public\wp-content\plugins\simply-static\src\integrations\class-elementor-pro-integration.php on line 175
[26-Jun-2025 16:29:42 UTC] PHP Warning:  foreach() argument must be of type array|object, null given in C:\Users\elshi\Desktop\slovar-vk\app\public\wp-content\plugins\simply-static\src\integrations\class-elementor-pro-integration.php on line 175
[26-Jun-2025 16:29:42 UTC] PHP Warning:  foreach() argument must be of type array|object, null given in C:\Users\elshi\Desktop\slovar-vk\app\public\wp-content\plugins\simply-static\src\integrations\class-elementor-pro-integration.php on line 175
[26-Jun-2025 16:29:42 UTC] PHP Warning:  foreach() argument must be of type array|object, null given in C:\Users\elshi\Desktop\slovar-vk\app\public\wp-content\plugins\simply-static\src\integrations\class-elementor-pro-integration.php on line 175
[26-Jun-2025 16:29:42 UTC] PHP Warning:  foreach() argument must be of type array|object, null given in C:\Users\elshi\Desktop\slovar-vk\app\public\wp-content\plugins\simply-static\src\integrations\class-elementor-pro-integration.php on line 175
[26-Jun-2025 17:57:08 UTC] PHP Warning:  Constant WP_DEBUG already defined in C:\Users\elshi\Desktop\slovar-vk\app\public\wp-config.php on line 94
[26-Jun-2025 17:57:08 UTC] PHP Warning:  Constant WP_DEBUG already defined in C:\Users\elshi\Desktop\slovar-vk\app\public\wp-config.php on line 94
[26-Jun-2025 17:57:09 UTC] PHP Warning:  Constant WP_DEBUG already defined in C:\Users\elshi\Desktop\slovar-vk\app\public\wp-config.php on line 94
[26-Jun-2025 17:57:11 UTC] PHP Warning:  Constant WP_DEBUG already defined in C:\Users\elshi\Desktop\slovar-vk\app\public\wp-config.php on line 94
[26-Jun-2025 17:57:12 UTC] PHP Warning:  Constant WP_DEBUG already defined in C:\Users\elshi\Desktop\slovar-vk\app\public\wp-config.php on line 94
[26-Jun-2025 17:57:12 UTC] PHP Warning:  Constant WP_DEBUG already defined in C:\Users\elshi\Desktop\slovar-vk\app\public\wp-config.php on line 94
[26-Jun-2025 17:57:13 UTC] PHP Warning:  Constant WP_DEBUG already defined in C:\Users\elshi\Desktop\slovar-vk\app\public\wp-config.php on line 94
[26-Jun-2025 17:57:13 UTC] PHP Warning:  Constant WP_DEBUG already defined in C:\Users\elshi\Desktop\slovar-vk\app\public\wp-config.php on line 94
[26-Jun-2025 17:57:14 UTC] PHP Warning:  Constant WP_DEBUG already defined in C:\Users\elshi\Desktop\slovar-vk\app\public\wp-config.php on line 94
[26-Jun-2025 18:08:00 UTC] PHP Warning:  foreach() argument must be of type array|object, null given in C:\Users\elshi\Desktop\slovar-vk\app\public\wp-content\plugins\simply-static\src\integrations\class-elementor-pro-integration.php on line 175
[26-Jun-2025 18:08:00 UTC] PHP Warning:  foreach() argument must be of type array|object, null given in C:\Users\elshi\Desktop\slovar-vk\app\public\wp-content\plugins\simply-static\src\integrations\class-elementor-pro-integration.php on line 175
[26-Jun-2025 18:08:00 UTC] PHP Warning:  foreach() argument must be of type array|object, null given in C:\Users\elshi\Desktop\slovar-vk\app\public\wp-content\plugins\simply-static\src\integrations\class-elementor-pro-integration.php on line 175
[26-Jun-2025 18:08:00 UTC] PHP Warning:  foreach() argument must be of type array|object, null given in C:\Users\elshi\Desktop\slovar-vk\app\public\wp-content\plugins\simply-static\src\integrations\class-elementor-pro-integration.php on line 175
[26-Jun-2025 18:08:00 UTC] PHP Warning:  foreach() argument must be of type array|object, null given in C:\Users\elshi\Desktop\slovar-vk\app\public\wp-content\plugins\simply-static\src\integrations\class-elementor-pro-integration.php on line 175
[26-Jun-2025 18:08:00 UTC] PHP Warning:  foreach() argument must be of type array|object, null given in C:\Users\elshi\Desktop\slovar-vk\app\public\wp-content\plugins\simply-static\src\integrations\class-elementor-pro-integration.php on line 175
[26-Jun-2025 18:08:00 UTC] PHP Warning:  foreach() argument must be of type array|object, null given in C:\Users\elshi\Desktop\slovar-vk\app\public\wp-content\plugins\simply-static\src\integrations\class-elementor-pro-integration.php on line 175
[26-Jun-2025 18:08:00 UTC] PHP Warning:  foreach() argument must be of type array|object, null given in C:\Users\elshi\Desktop\slovar-vk\app\public\wp-content\plugins\simply-static\src\integrations\class-elementor-pro-integration.php on line 175
[26-Jun-2025 18:08:00 UTC] PHP Warning:  foreach() argument must be of type array|object, null given in C:\Users\elshi\Desktop\slovar-vk\app\public\wp-content\plugins\simply-static\src\integrations\class-elementor-pro-integration.php on line 175
[26-Jun-2025 18:08:00 UTC] PHP Warning:  foreach() argument must be of type array|object, null given in C:\Users\elshi\Desktop\slovar-vk\app\public\wp-content\plugins\simply-static\src\integrations\class-elementor-pro-integration.php on line 175
[26-Jun-2025 18:08:00 UTC] PHP Warning:  foreach() argument must be of type array|object, null given in C:\Users\elshi\Desktop\slovar-vk\app\public\wp-content\plugins\simply-static\src\integrations\class-elementor-pro-integration.php on line 175
[26-Jun-2025 18:08:00 UTC] PHP Warning:  foreach() argument must be of type array|object, null given in C:\Users\elshi\Desktop\slovar-vk\app\public\wp-content\plugins\simply-static\src\integrations\class-elementor-pro-integration.php on line 175
[26-Jun-2025 18:08:00 UTC] PHP Warning:  foreach() argument must be of type array|object, null given in C:\Users\elshi\Desktop\slovar-vk\app\public\wp-content\plugins\simply-static\src\integrations\class-elementor-pro-integration.php on line 175
[26-Jun-2025 18:08:00 UTC] PHP Warning:  foreach() argument must be of type array|object, null given in C:\Users\elshi\Desktop\slovar-vk\app\public\wp-content\plugins\simply-static\src\integrations\class-elementor-pro-integration.php on line 175
[26-Jun-2025 18:08:00 UTC] PHP Warning:  foreach() argument must be of type array|object, null given in C:\Users\elshi\Desktop\slovar-vk\app\public\wp-content\plugins\simply-static\src\integrations\class-elementor-pro-integration.php on line 175
[26-Jun-2025 18:08:00 UTC] PHP Warning:  foreach() argument must be of type array|object, null given in C:\Users\elshi\Desktop\slovar-vk\app\public\wp-content\plugins\simply-static\src\integrations\class-elementor-pro-integration.php on line 175
[26-Jun-2025 18:08:00 UTC] PHP Warning:  foreach() argument must be of type array|object, null given in C:\Users\elshi\Desktop\slovar-vk\app\public\wp-content\plugins\simply-static\src\integrations\class-elementor-pro-integration.php on line 175
[26-Jun-2025 18:08:00 UTC] PHP Warning:  foreach() argument must be of type array|object, null given in C:\Users\elshi\Desktop\slovar-vk\app\public\wp-content\plugins\simply-static\src\integrations\class-elementor-pro-integration.php on line 175
[26-Jun-2025 18:33:12 UTC] PHP Warning:  foreach() argument must be of type array|object, null given in C:\Users\elshi\Desktop\slovar-vk\app\public\wp-content\plugins\simply-static\src\integrations\class-elementor-pro-integration.php on line 175
[26-Jun-2025 18:33:12 UTC] PHP Warning:  foreach() argument must be of type array|object, null given in C:\Users\elshi\Desktop\slovar-vk\app\public\wp-content\plugins\simply-static\src\integrations\class-elementor-pro-integration.php on line 175
[26-Jun-2025 18:33:12 UTC] PHP Warning:  foreach() argument must be of type array|object, null given in C:\Users\elshi\Desktop\slovar-vk\app\public\wp-content\plugins\simply-static\src\integrations\class-elementor-pro-integration.php on line 175
[26-Jun-2025 18:33:12 UTC] PHP Warning:  foreach() argument must be of type array|object, null given in C:\Users\elshi\Desktop\slovar-vk\app\public\wp-content\plugins\simply-static\src\integrations\class-elementor-pro-integration.php on line 175
[26-Jun-2025 18:33:12 UTC] PHP Warning:  foreach() argument must be of type array|object, null given in C:\Users\elshi\Desktop\slovar-vk\app\public\wp-content\plugins\simply-static\src\integrations\class-elementor-pro-integration.php on line 175
[26-Jun-2025 18:33:12 UTC] PHP Warning:  foreach() argument must be of type array|object, null given in C:\Users\elshi\Desktop\slovar-vk\app\public\wp-content\plugins\simply-static\src\integrations\class-elementor-pro-integration.php on line 175
[26-Jun-2025 18:33:12 UTC] PHP Warning:  foreach() argument must be of type array|object, null given in C:\Users\elshi\Desktop\slovar-vk\app\public\wp-content\plugins\simply-static\src\integrations\class-elementor-pro-integration.php on line 175
[26-Jun-2025 18:33:12 UTC] PHP Warning:  foreach() argument must be of type array|object, null given in C:\Users\elshi\Desktop\slovar-vk\app\public\wp-content\plugins\simply-static\src\integrations\class-elementor-pro-integration.php on line 175
[26-Jun-2025 18:33:12 UTC] PHP Warning:  foreach() argument must be of type array|object, null given in C:\Users\elshi\Desktop\slovar-vk\app\public\wp-content\plugins\simply-static\src\integrations\class-elementor-pro-integration.php on line 175
[26-Jun-2025 18:33:12 UTC] PHP Warning:  foreach() argument must be of type array|object, null given in C:\Users\elshi\Desktop\slovar-vk\app\public\wp-content\plugins\simply-static\src\integrations\class-elementor-pro-integration.php on line 175
[26-Jun-2025 18:33:12 UTC] PHP Warning:  foreach() argument must be of type array|object, null given in C:\Users\elshi\Desktop\slovar-vk\app\public\wp-content\plugins\simply-static\src\integrations\class-elementor-pro-integration.php on line 175
[26-Jun-2025 18:33:12 UTC] PHP Warning:  foreach() argument must be of type array|object, null given in C:\Users\elshi\Desktop\slovar-vk\app\public\wp-content\plugins\simply-static\src\integrations\class-elementor-pro-integration.php on line 175
[26-Jun-2025 18:33:12 UTC] PHP Warning:  foreach() argument must be of type array|object, null given in C:\Users\elshi\Desktop\slovar-vk\app\public\wp-content\plugins\simply-static\src\integrations\class-elementor-pro-integration.php on line 175
[26-Jun-2025 18:33:12 UTC] PHP Warning:  foreach() argument must be of type array|object, null given in C:\Users\elshi\Desktop\slovar-vk\app\public\wp-content\plugins\simply-static\src\integrations\class-elementor-pro-integration.php on line 175
[26-Jun-2025 18:33:12 UTC] PHP Warning:  foreach() argument must be of type array|object, null given in C:\Users\elshi\Desktop\slovar-vk\app\public\wp-content\plugins\simply-static\src\integrations\class-elementor-pro-integration.php on line 175
[26-Jun-2025 18:33:12 UTC] PHP Warning:  foreach() argument must be of type array|object, null given in C:\Users\elshi\Desktop\slovar-vk\app\public\wp-content\plugins\simply-static\src\integrations\class-elementor-pro-integration.php on line 175
[26-Jun-2025 18:33:12 UTC] PHP Warning:  foreach() argument must be of type array|object, null given in C:\Users\elshi\Desktop\slovar-vk\app\public\wp-content\plugins\simply-static\src\integrations\class-elementor-pro-integration.php on line 175
[26-Jun-2025 18:33:12 UTC] PHP Warning:  foreach() argument must be of type array|object, null given in C:\Users\elshi\Desktop\slovar-vk\app\public\wp-content\plugins\simply-static\src\integrations\class-elementor-pro-integration.php on line 175
[26-Jun-2025 21:51:59 UTC] PHP Warning:  foreach() argument must be of type array|object, null given in C:\Users\elshi\Desktop\slovar-vk\app\public\wp-content\plugins\simply-static\src\integrations\class-elementor-pro-integration.php on line 175
[26-Jun-2025 21:51:59 UTC] PHP Warning:  foreach() argument must be of type array|object, null given in C:\Users\elshi\Desktop\slovar-vk\app\public\wp-content\plugins\simply-static\src\integrations\class-elementor-pro-integration.php on line 175
[26-Jun-2025 21:51:59 UTC] PHP Warning:  foreach() argument must be of type array|object, null given in C:\Users\elshi\Desktop\slovar-vk\app\public\wp-content\plugins\simply-static\src\integrations\class-elementor-pro-integration.php on line 175
[26-Jun-2025 21:51:59 UTC] PHP Warning:  foreach() argument must be of type array|object, null given in C:\Users\elshi\Desktop\slovar-vk\app\public\wp-content\plugins\simply-static\src\integrations\class-elementor-pro-integration.php on line 175
[26-Jun-2025 21:51:59 UTC] PHP Warning:  foreach() argument must be of type array|object, null given in C:\Users\elshi\Desktop\slovar-vk\app\public\wp-content\plugins\simply-static\src\integrations\class-elementor-pro-integration.php on line 175
[26-Jun-2025 21:51:59 UTC] PHP Warning:  foreach() argument must be of type array|object, null given in C:\Users\elshi\Desktop\slovar-vk\app\public\wp-content\plugins\simply-static\src\integrations\class-elementor-pro-integration.php on line 175
[26-Jun-2025 21:51:59 UTC] PHP Warning:  foreach() argument must be of type array|object, null given in C:\Users\elshi\Desktop\slovar-vk\app\public\wp-content\plugins\simply-static\src\integrations\class-elementor-pro-integration.php on line 175
[26-Jun-2025 21:51:59 UTC] PHP Warning:  foreach() argument must be of type array|object, null given in C:\Users\elshi\Desktop\slovar-vk\app\public\wp-content\plugins\simply-static\src\integrations\class-elementor-pro-integration.php on line 175
[26-Jun-2025 21:51:59 UTC] PHP Warning:  foreach() argument must be of type array|object, null given in C:\Users\elshi\Desktop\slovar-vk\app\public\wp-content\plugins\simply-static\src\integrations\class-elementor-pro-integration.php on line 175
[26-Jun-2025 21:51:59 UTC] PHP Warning:  foreach() argument must be of type array|object, null given in C:\Users\elshi\Desktop\slovar-vk\app\public\wp-content\plugins\simply-static\src\integrations\class-elementor-pro-integration.php on line 175
[26-Jun-2025 21:51:59 UTC] PHP Warning:  foreach() argument must be of type array|object, null given in C:\Users\elshi\Desktop\slovar-vk\app\public\wp-content\plugins\simply-static\src\integrations\class-elementor-pro-integration.php on line 175
[26-Jun-2025 21:51:59 UTC] PHP Warning:  foreach() argument must be of type array|object, null given in C:\Users\elshi\Desktop\slovar-vk\app\public\wp-content\plugins\simply-static\src\integrations\class-elementor-pro-integration.php on line 175
[26-Jun-2025 21:51:59 UTC] PHP Warning:  foreach() argument must be of type array|object, null given in C:\Users\elshi\Desktop\slovar-vk\app\public\wp-content\plugins\simply-static\src\integrations\class-elementor-pro-integration.php on line 175
[26-Jun-2025 21:51:59 UTC] PHP Warning:  foreach() argument must be of type array|object, null given in C:\Users\elshi\Desktop\slovar-vk\app\public\wp-content\plugins\simply-static\src\integrations\class-elementor-pro-integration.php on line 175
[26-Jun-2025 21:51:59 UTC] PHP Warning:  foreach() argument must be of type array|object, null given in C:\Users\elshi\Desktop\slovar-vk\app\public\wp-content\plugins\simply-static\src\integrations\class-elementor-pro-integration.php on line 175
[26-Jun-2025 21:51:59 UTC] PHP Warning:  foreach() argument must be of type array|object, null given in C:\Users\elshi\Desktop\slovar-vk\app\public\wp-content\plugins\simply-static\src\integrations\class-elementor-pro-integration.php on line 175
[26-Jun-2025 21:51:59 UTC] PHP Warning:  foreach() argument must be of type array|object, null given in C:\Users\elshi\Desktop\slovar-vk\app\public\wp-content\plugins\simply-static\src\integrations\class-elementor-pro-integration.php on line 175
[26-Jun-2025 21:51:59 UTC] PHP Warning:  foreach() argument must be of type array|object, null given in C:\Users\elshi\Desktop\slovar-vk\app\public\wp-content\plugins\simply-static\src\integrations\class-elementor-pro-integration.php on line 175
[26-Jun-2025 22:09:14 UTC] PHP Warning:  foreach() argument must be of type array|object, null given in C:\Users\elshi\Desktop\slovar-vk\app\public\wp-content\plugins\simply-static\src\integrations\class-elementor-pro-integration.php on line 175
[26-Jun-2025 22:09:14 UTC] PHP Warning:  foreach() argument must be of type array|object, null given in C:\Users\elshi\Desktop\slovar-vk\app\public\wp-content\plugins\simply-static\src\integrations\class-elementor-pro-integration.php on line 175
[26-Jun-2025 22:09:14 UTC] PHP Warning:  foreach() argument must be of type array|object, null given in C:\Users\elshi\Desktop\slovar-vk\app\public\wp-content\plugins\simply-static\src\integrations\class-elementor-pro-integration.php on line 175
[26-Jun-2025 22:09:14 UTC] PHP Warning:  foreach() argument must be of type array|object, null given in C:\Users\elshi\Desktop\slovar-vk\app\public\wp-content\plugins\simply-static\src\integrations\class-elementor-pro-integration.php on line 175
[26-Jun-2025 22:09:14 UTC] PHP Warning:  foreach() argument must be of type array|object, null given in C:\Users\elshi\Desktop\slovar-vk\app\public\wp-content\plugins\simply-static\src\integrations\class-elementor-pro-integration.php on line 175
[26-Jun-2025 22:09:14 UTC] PHP Warning:  foreach() argument must be of type array|object, null given in C:\Users\elshi\Desktop\slovar-vk\app\public\wp-content\plugins\simply-static\src\integrations\class-elementor-pro-integration.php on line 175
[26-Jun-2025 22:09:14 UTC] PHP Warning:  foreach() argument must be of type array|object, null given in C:\Users\elshi\Desktop\slovar-vk\app\public\wp-content\plugins\simply-static\src\integrations\class-elementor-pro-integration.php on line 175
[26-Jun-2025 22:09:14 UTC] PHP Warning:  foreach() argument must be of type array|object, null given in C:\Users\elshi\Desktop\slovar-vk\app\public\wp-content\plugins\simply-static\src\integrations\class-elementor-pro-integration.php on line 175
[26-Jun-2025 22:09:14 UTC] PHP Warning:  foreach() argument must be of type array|object, null given in C:\Users\elshi\Desktop\slovar-vk\app\public\wp-content\plugins\simply-static\src\integrations\class-elementor-pro-integration.php on line 175
[26-Jun-2025 22:09:14 UTC] PHP Warning:  foreach() argument must be of type array|object, null given in C:\Users\elshi\Desktop\slovar-vk\app\public\wp-content\plugins\simply-static\src\integrations\class-elementor-pro-integration.php on line 175
[26-Jun-2025 22:09:14 UTC] PHP Warning:  foreach() argument must be of type array|object, null given in C:\Users\elshi\Desktop\slovar-vk\app\public\wp-content\plugins\simply-static\src\integrations\class-elementor-pro-integration.php on line 175
[26-Jun-2025 22:09:14 UTC] PHP Warning:  foreach() argument must be of type array|object, null given in C:\Users\elshi\Desktop\slovar-vk\app\public\wp-content\plugins\simply-static\src\integrations\class-elementor-pro-integration.php on line 175
[26-Jun-2025 22:09:14 UTC] PHP Warning:  foreach() argument must be of type array|object, null given in C:\Users\elshi\Desktop\slovar-vk\app\public\wp-content\plugins\simply-static\src\integrations\class-elementor-pro-integration.php on line 175
[26-Jun-2025 22:09:14 UTC] PHP Warning:  foreach() argument must be of type array|object, null given in C:\Users\elshi\Desktop\slovar-vk\app\public\wp-content\plugins\simply-static\src\integrations\class-elementor-pro-integration.php on line 175
[26-Jun-2025 22:09:14 UTC] PHP Warning:  foreach() argument must be of type array|object, null given in C:\Users\elshi\Desktop\slovar-vk\app\public\wp-content\plugins\simply-static\src\integrations\class-elementor-pro-integration.php on line 175
[26-Jun-2025 22:09:14 UTC] PHP Warning:  foreach() argument must be of type array|object, null given in C:\Users\elshi\Desktop\slovar-vk\app\public\wp-content\plugins\simply-static\src\integrations\class-elementor-pro-integration.php on line 175
[26-Jun-2025 22:09:14 UTC] PHP Warning:  foreach() argument must be of type array|object, null given in C:\Users\elshi\Desktop\slovar-vk\app\public\wp-content\plugins\simply-static\src\integrations\class-elementor-pro-integration.php on line 175
[26-Jun-2025 22:09:14 UTC] PHP Warning:  foreach() argument must be of type array|object, null given in C:\Users\elshi\Desktop\slovar-vk\app\public\wp-content\plugins\simply-static\src\integrations\class-elementor-pro-integration.php on line 175
[26-Jun-2025 22:28:20 UTC] PHP Warning:  foreach() argument must be of type array|object, null given in C:\Users\elshi\Desktop\slovar-vk\app\public\wp-content\plugins\simply-static\src\integrations\class-elementor-pro-integration.php on line 175
[26-Jun-2025 22:28:20 UTC] PHP Warning:  foreach() argument must be of type array|object, null given in C:\Users\elshi\Desktop\slovar-vk\app\public\wp-content\plugins\simply-static\src\integrations\class-elementor-pro-integration.php on line 175
[26-Jun-2025 22:28:20 UTC] PHP Warning:  foreach() argument must be of type array|object, null given in C:\Users\elshi\Desktop\slovar-vk\app\public\wp-content\plugins\simply-static\src\integrations\class-elementor-pro-integration.php on line 175
[26-Jun-2025 22:28:20 UTC] PHP Warning:  foreach() argument must be of type array|object, null given in C:\Users\elshi\Desktop\slovar-vk\app\public\wp-content\plugins\simply-static\src\integrations\class-elementor-pro-integration.php on line 175
[26-Jun-2025 22:28:20 UTC] PHP Warning:  foreach() argument must be of type array|object, null given in C:\Users\elshi\Desktop\slovar-vk\app\public\wp-content\plugins\simply-static\src\integrations\class-elementor-pro-integration.php on line 175
[26-Jun-2025 22:28:20 UTC] PHP Warning:  foreach() argument must be of type array|object, null given in C:\Users\elshi\Desktop\slovar-vk\app\public\wp-content\plugins\simply-static\src\integrations\class-elementor-pro-integration.php on line 175
[26-Jun-2025 22:28:20 UTC] PHP Warning:  foreach() argument must be of type array|object, null given in C:\Users\elshi\Desktop\slovar-vk\app\public\wp-content\plugins\simply-static\src\integrations\class-elementor-pro-integration.php on line 175
[26-Jun-2025 22:28:20 UTC] PHP Warning:  foreach() argument must be of type array|object, null given in C:\Users\elshi\Desktop\slovar-vk\app\public\wp-content\plugins\simply-static\src\integrations\class-elementor-pro-integration.php on line 175
[26-Jun-2025 22:28:20 UTC] PHP Warning:  foreach() argument must be of type array|object, null given in C:\Users\elshi\Desktop\slovar-vk\app\public\wp-content\plugins\simply-static\src\integrations\class-elementor-pro-integration.php on line 175
[26-Jun-2025 22:28:20 UTC] PHP Warning:  foreach() argument must be of type array|object, null given in C:\Users\elshi\Desktop\slovar-vk\app\public\wp-content\plugins\simply-static\src\integrations\class-elementor-pro-integration.php on line 175
[26-Jun-2025 22:28:20 UTC] PHP Warning:  foreach() argument must be of type array|object, null given in C:\Users\elshi\Desktop\slovar-vk\app\public\wp-content\plugins\simply-static\src\integrations\class-elementor-pro-integration.php on line 175
[26-Jun-2025 22:28:20 UTC] PHP Warning:  foreach() argument must be of type array|object, null given in C:\Users\elshi\Desktop\slovar-vk\app\public\wp-content\plugins\simply-static\src\integrations\class-elementor-pro-integration.php on line 175
[26-Jun-2025 22:28:20 UTC] PHP Warning:  foreach() argument must be of type array|object, null given in C:\Users\elshi\Desktop\slovar-vk\app\public\wp-content\plugins\simply-static\src\integrations\class-elementor-pro-integration.php on line 175
[26-Jun-2025 22:28:20 UTC] PHP Warning:  foreach() argument must be of type array|object, null given in C:\Users\elshi\Desktop\slovar-vk\app\public\wp-content\plugins\simply-static\src\integrations\class-elementor-pro-integration.php on line 175
[26-Jun-2025 22:28:20 UTC] PHP Warning:  foreach() argument must be of type array|object, null given in C:\Users\elshi\Desktop\slovar-vk\app\public\wp-content\plugins\simply-static\src\integrations\class-elementor-pro-integration.php on line 175
[26-Jun-2025 22:28:20 UTC] PHP Warning:  foreach() argument must be of type array|object, null given in C:\Users\elshi\Desktop\slovar-vk\app\public\wp-content\plugins\simply-static\src\integrations\class-elementor-pro-integration.php on line 175
[26-Jun-2025 22:28:20 UTC] PHP Warning:  foreach() argument must be of type array|object, null given in C:\Users\elshi\Desktop\slovar-vk\app\public\wp-content\plugins\simply-static\src\integrations\class-elementor-pro-integration.php on line 175
[26-Jun-2025 22:28:20 UTC] PHP Warning:  foreach() argument must be of type array|object, null given in C:\Users\elshi\Desktop\slovar-vk\app\public\wp-content\plugins\simply-static\src\integrations\class-elementor-pro-integration.php on line 175
[26-Jun-2025 23:02:12 UTC] PHP Warning:  foreach() argument must be of type array|object, null given in C:\Users\elshi\Desktop\slovar-vk\app\public\wp-content\plugins\simply-static\src\integrations\class-elementor-pro-integration.php on line 175
[26-Jun-2025 23:02:12 UTC] PHP Warning:  foreach() argument must be of type array|object, null given in C:\Users\elshi\Desktop\slovar-vk\app\public\wp-content\plugins\simply-static\src\integrations\class-elementor-pro-integration.php on line 175
[26-Jun-2025 23:02:12 UTC] PHP Warning:  foreach() argument must be of type array|object, null given in C:\Users\elshi\Desktop\slovar-vk\app\public\wp-content\plugins\simply-static\src\integrations\class-elementor-pro-integration.php on line 175
[26-Jun-2025 23:02:12 UTC] PHP Warning:  foreach() argument must be of type array|object, null given in C:\Users\elshi\Desktop\slovar-vk\app\public\wp-content\plugins\simply-static\src\integrations\class-elementor-pro-integration.php on line 175
[26-Jun-2025 23:02:12 UTC] PHP Warning:  foreach() argument must be of type array|object, null given in C:\Users\elshi\Desktop\slovar-vk\app\public\wp-content\plugins\simply-static\src\integrations\class-elementor-pro-integration.php on line 175
[26-Jun-2025 23:02:12 UTC] PHP Warning:  foreach() argument must be of type array|object, null given in C:\Users\elshi\Desktop\slovar-vk\app\public\wp-content\plugins\simply-static\src\integrations\class-elementor-pro-integration.php on line 175
[26-Jun-2025 23:02:12 UTC] PHP Warning:  foreach() argument must be of type array|object, null given in C:\Users\elshi\Desktop\slovar-vk\app\public\wp-content\plugins\simply-static\src\integrations\class-elementor-pro-integration.php on line 175
[26-Jun-2025 23:02:12 UTC] PHP Warning:  foreach() argument must be of type array|object, null given in C:\Users\elshi\Desktop\slovar-vk\app\public\wp-content\plugins\simply-static\src\integrations\class-elementor-pro-integration.php on line 175
[26-Jun-2025 23:02:12 UTC] PHP Warning:  foreach() argument must be of type array|object, null given in C:\Users\elshi\Desktop\slovar-vk\app\public\wp-content\plugins\simply-static\src\integrations\class-elementor-pro-integration.php on line 175
[26-Jun-2025 23:02:12 UTC] PHP Warning:  foreach() argument must be of type array|object, null given in C:\Users\elshi\Desktop\slovar-vk\app\public\wp-content\plugins\simply-static\src\integrations\class-elementor-pro-integration.php on line 175
[26-Jun-2025 23:02:12 UTC] PHP Warning:  foreach() argument must be of type array|object, null given in C:\Users\elshi\Desktop\slovar-vk\app\public\wp-content\plugins\simply-static\src\integrations\class-elementor-pro-integration.php on line 175
[26-Jun-2025 23:02:12 UTC] PHP Warning:  foreach() argument must be of type array|object, null given in C:\Users\elshi\Desktop\slovar-vk\app\public\wp-content\plugins\simply-static\src\integrations\class-elementor-pro-integration.php on line 175
[26-Jun-2025 23:02:12 UTC] PHP Warning:  foreach() argument must be of type array|object, null given in C:\Users\elshi\Desktop\slovar-vk\app\public\wp-content\plugins\simply-static\src\integrations\class-elementor-pro-integration.php on line 175
[26-Jun-2025 23:02:12 UTC] PHP Warning:  foreach() argument must be of type array|object, null given in C:\Users\elshi\Desktop\slovar-vk\app\public\wp-content\plugins\simply-static\src\integrations\class-elementor-pro-integration.php on line 175
[26-Jun-2025 23:02:12 UTC] PHP Warning:  foreach() argument must be of type array|object, null given in C:\Users\elshi\Desktop\slovar-vk\app\public\wp-content\plugins\simply-static\src\integrations\class-elementor-pro-integration.php on line 175
[26-Jun-2025 23:02:12 UTC] PHP Warning:  foreach() argument must be of type array|object, null given in C:\Users\elshi\Desktop\slovar-vk\app\public\wp-content\plugins\simply-static\src\integrations\class-elementor-pro-integration.php on line 175
[26-Jun-2025 23:02:12 UTC] PHP Warning:  foreach() argument must be of type array|object, null given in C:\Users\elshi\Desktop\slovar-vk\app\public\wp-content\plugins\simply-static\src\integrations\class-elementor-pro-integration.php on line 175
[26-Jun-2025 23:02:12 UTC] PHP Warning:  foreach() argument must be of type array|object, null given in C:\Users\elshi\Desktop\slovar-vk\app\public\wp-content\plugins\simply-static\src\integrations\class-elementor-pro-integration.php on line 175
